2026-09-12 14:13:11.752 +08 [12439] LOG:  starting PostgreSQL 16.15 (Homebrew) on aarch64-apple-darwin25.6.0, compiled by Apple clang version 21.0.0 (clang-2100.1.1.101), 64-bit
2026-09-12 14:13:11.753 +08 [12439] LOG:  listening on IPv6 address "::1", port 5435
2026-09-12 14:13:11.753 +08 [12439] LOG:  listening on IPv4 address "127.0.0.1", port 5435
2026-09-12 14:13:11.754 +08 [12439] LOG:  listening on Unix socket "/tmp/.s.PGSQL.5435"
2026-09-12 14:13:11.760 +08 [12442] LOG:  database system was shut down at 2026-09-12 14:13:11 +08
2026-09-12 14:13:11.763 +08 [12439] LOG:  database system is ready to accept connections
2026-09-12 14:18:11.754 +08 [12440] LOG:  checkpoint starting: time
2026-09-12 14:19:53.883 +08 [12440] LOG:  checkpoint complete: wrote 982 buffers (6.0%); 0 WAL file(s) added, 0 removed, 0 recycled; write=102.026 s, sync=0.060 s, total=102.129 s; sync files=310, longest=0.034 s, average=0.001 s; distance=4639 kB, estimate=4639 kB; lsn=0/19A5A20, redo lsn=0/19A59E8
2026-09-12 14:32:35.313 +08 [16431] FATAL:  no PostgreSQL user name specified in startup packet
2026-09-12 14:32:35.314 +08 [16432] FATAL:  no PostgreSQL user name specified in startup packet
2026-09-12 14:38:29.258 +08 [17029] ERROR:  relation "_prisma_migrations" does not exist at character 126
2026-09-12 14:38:29.258 +08 [17029] STATEMENT:  SELECT "id", "checksum", "finished_at", "migration_name", "logs", "rolled_back_at", "started_at", "applied_steps_count" FROM "_prisma_migrations" ORDER BY "started_at" ASC
2026-09-12 14:38:29.446 +08 [12440] LOG:  checkpoint starting: immediate force wait
2026-09-12 14:38:29.522 +08 [12440] LOG:  checkpoint complete: wrote 4 buffers (0.0%); 1 WAL file(s) added, 0 removed, 0 recycled; write=0.003 s, sync=0.002 s, total=0.077 s; sync files=4, longest=0.001 s, average=0.001 s; distance=4372 kB, estimate=4613 kB; lsn=0/1DEAC70, redo lsn=0/1DEAC38
2026-09-12 14:38:29.697 +08 [12440] LOG:  checkpoint starting: immediate force wait
2026-09-12 14:38:29.702 +08 [12440] LOG:  checkpoint complete: wrote 4 buffers (0.0%); 0 WAL file(s) added, 0 removed, 1 recycled; write=0.002 s, sync=0.002 s, total=0.006 s; sync files=4, longest=0.001 s, average=0.001 s; distance=4372 kB, estimate=4589 kB; lsn=0/222FFB8, redo lsn=0/222FF80
2026-09-12 14:39:04.066 +08 [17290] FATAL:  lock file "postmaster.pid" already exists
2026-09-12 14:39:04.066 +08 [17290] HINT:  Is another postmaster (PID 12439) running in data directory "/Volumes/OneTouch/Documents/FYP-A/FYPA-StudyPlannerSystem/student/.postgres/data"?
2026-09-12 14:40:38.166 +08 [12440] LOG:  checkpoint starting: immediate force wait
2026-09-12 14:40:38.767 +08 [12440] LOG:  checkpoint complete: wrote 136 buffers (0.8%); 0 WAL file(s) added, 0 removed, 0 recycled; write=0.495 s, sync=0.101 s, total=0.601 s; sync files=117, longest=0.022 s, average=0.001 s; distance=5328 kB, estimate=5328 kB; lsn=0/2764220, redo lsn=0/27641E8
2026-09-12 14:40:39.023 +08 [12440] LOG:  checkpoint starting: immediate force wait
2026-09-12 14:40:39.049 +08 [12440] LOG:  checkpoint complete: wrote 20 buffers (0.1%); 0 WAL file(s) added, 0 removed, 0 recycled; write=0.001 s, sync=0.023 s, total=0.026 s; sync files=14, longest=0.015 s, average=0.002 s; distance=4708 kB, estimate=5266 kB; lsn=0/2BFD458, redo lsn=0/2BFD420
2026-09-12 14:41:08.997 +08 [18338] FATAL:  lock file "postmaster.pid" already exists
2026-09-12 14:41:08.997 +08 [18338] HINT:  Is another postmaster (PID 12439) running in data directory "/Volumes/OneTouch/Documents/FYP-A/FYPA-StudyPlannerSystem/student/.postgres/data"?
2026-09-12 14:41:20.616 +08 [12439] LOG:  received smart shutdown request
2026-09-12 14:41:20.907 +08 [12439] LOG:  background worker "logical replication launcher" (PID 12445) exited with exit code 1
2026-09-12 14:41:20.907 +08 [12440] LOG:  shutting down
2026-09-12 14:41:20.910 +08 [12440] LOG:  checkpoint starting: shutdown immediate
2026-09-12 14:41:21.074 +08 [12440] LOG:  checkpoint complete: wrote 2 buffers (0.0%); 0 WAL file(s) added, 0 removed, 0 recycled; write=0.001 s, sync=0.003 s, total=0.168 s; sync files=2, longest=0.003 s, average=0.002 s; distance=0 kB, estimate=4739 kB; lsn=0/2BFD598, redo lsn=0/2BFD598
2026-09-12 14:41:21.179 +08 [12439] LOG:  database system is shut down
2026-09-12 14:41:24.865 +08 [18789] LOG:  starting PostgreSQL 16.15 (Homebrew) on aarch64-apple-darwin25.6.0, compiled by Apple clang version 21.0.0 (clang-2100.1.1.101), 64-bit
2026-09-12 14:41:24.866 +08 [18789] LOG:  listening on IPv6 address "::1", port 5435
2026-09-12 14:41:24.866 +08 [18789] LOG:  listening on IPv4 address "127.0.0.1", port 5435
2026-09-12 14:41:24.867 +08 [18789] LOG:  listening on Unix socket "/tmp/.s.PGSQL.5435"
2026-09-12 14:41:24.951 +08 [18792] LOG:  database system was shut down at 2026-09-12 14:41:21 +08
2026-09-12 14:41:25.020 +08 [18789] LOG:  database system is ready to accept connections
2026-09-12 14:42:38.743 +08 [18789] LOG:  received smart shutdown request
2026-09-12 14:42:38.749 +08 [18789] LOG:  background worker "logical replication launcher" (PID 18795) exited with exit code 1
2026-09-12 14:42:38.749 +08 [18790] LOG:  shutting down
2026-09-12 14:42:38.750 +08 [18790] LOG:  checkpoint starting: shutdown immediate
2026-09-12 14:42:38.753 +08 [18790] LOG:  checkpoint complete: wrote 3 buffers (0.0%); 0 WAL file(s) added, 0 removed, 0 recycled; write=0.002 s, sync=0.001 s, total=0.004 s; sync files=2, longest=0.001 s, average=0.001 s; distance=0 kB, estimate=0 kB; lsn=0/2BFD648, redo lsn=0/2BFD648
2026-09-12 14:42:38.757 +08 [18789] LOG:  database system is shut down
2026-09-12 14:42:58.238 +08 [19394] LOG:  starting PostgreSQL 16.15 (Homebrew) on aarch64-apple-darwin25.6.0, compiled by Apple clang version 21.0.0 (clang-2100.1.1.101), 64-bit
2026-09-12 14:42:58.239 +08 [19394] LOG:  listening on IPv6 address "::1", port 5435
2026-09-12 14:42:58.239 +08 [19394] LOG:  listening on IPv4 address "127.0.0.1", port 5435
2026-09-12 14:42:58.240 +08 [19394] LOG:  listening on Unix socket "/tmp/.s.PGSQL.5435"
2026-09-12 14:42:58.242 +08 [19397] LOG:  database system was shut down at 2026-09-12 14:42:38 +08
2026-09-12 14:42:58.244 +08 [19394] LOG:  database system is ready to accept connections
2026-09-12 14:43:02.201 +08 [19394] LOG:  received fast shutdown request
2026-09-12 14:43:02.203 +08 [19394] LOG:  aborting any active transactions
2026-09-12 14:43:02.204 +08 [19394] LOG:  background worker "logical replication launcher" (PID 19400) exited with exit code 1
2026-09-12 14:43:02.204 +08 [19395] LOG:  shutting down
2026-09-12 14:43:02.204 +08 [19395] LOG:  checkpoint starting: shutdown immediate
2026-09-12 14:43:02.206 +08 [19395] LOG:  checkpoint complete: wrote 3 buffers (0.0%); 0 WAL file(s) added, 0 removed, 0 recycled; write=0.001 s, sync=0.001 s, total=0.002 s; sync files=2, longest=0.001 s, average=0.001 s; distance=0 kB, estimate=0 kB; lsn=0/2BFD6C0, redo lsn=0/2BFD6C0
2026-09-12 14:43:02.207 +08 [19394] LOG:  database system is shut down
2026-09-12 15:02:11.173 +08 [21895] LOG:  starting PostgreSQL 16.15 (Homebrew) on aarch64-apple-darwin25.6.0, compiled by Apple clang version 21.0.0 (clang-2100.1.1.101), 64-bit
2026-09-12 15:02:11.189 +08 [21895] LOG:  listening on IPv6 address "::1", port 5435
2026-09-12 15:02:11.189 +08 [21895] LOG:  listening on IPv4 address "127.0.0.1", port 5435
2026-09-12 15:02:11.194 +08 [21895] LOG:  listening on Unix socket "/tmp/.s.PGSQL.5435"
2026-09-12 15:02:11.244 +08 [21898] LOG:  database system was shut down at 2026-09-12 14:43:02 +08
2026-09-12 15:02:11.277 +08 [21895] LOG:  database system is ready to accept connections
2026-09-12 15:02:14.733 +08 [21896] LOG:  checkpoint starting: immediate force wait
2026-09-12 15:02:14.745 +08 [21896] LOG:  checkpoint complete: wrote 6 buffers (0.0%); 0 WAL file(s) added, 0 removed, 1 recycled; write=0.001 s, sync=0.001 s, total=0.013 s; sync files=5, longest=0.001 s, average=0.001 s; distance=4682 kB, estimate=4682 kB; lsn=0/30900C8, redo lsn=0/3090090
2026-09-12 15:02:15.199 +08 [21896] LOG:  checkpoint starting: immediate force wait
2026-09-12 15:02:15.219 +08 [21896] LOG:  checkpoint complete: wrote 4 buffers (0.0%); 0 WAL file(s) added, 0 removed, 0 recycled; write=0.013 s, sync=0.003 s, total=0.020 s; sync files=4, longest=0.002 s, average=0.001 s; distance=4682 kB, estimate=4682 kB; lsn=0/3522BF8, redo lsn=0/3522BC0
2026-09-12 15:02:52.181 +08 [21895] LOG:  received fast shutdown request
2026-09-12 15:02:52.201 +08 [21895] LOG:  aborting any active transactions
2026-09-12 15:02:52.202 +08 [21895] LOG:  background worker "logical replication launcher" (PID 21901) exited with exit code 1
2026-09-12 15:02:52.202 +08 [21896] LOG:  shutting down
2026-09-12 15:02:52.202 +08 [21896] LOG:  checkpoint starting: shutdown immediate
2026-09-12 15:02:52.449 +08 [21896] LOG:  checkpoint complete: wrote 56 buffers (0.3%); 0 WAL file(s) added, 0 removed, 0 recycled; write=0.071 s, sync=0.176 s, total=0.248 s; sync files=48, longest=0.054 s, average=0.004 s; distance=253 kB, estimate=4239 kB; lsn=0/3561FC8, redo lsn=0/3561FC8
2026-09-12 15:02:52.452 +08 [21895] LOG:  database system is shut down
2026-09-12 15:03:52.652 +08 [22954] LOG:  starting PostgreSQL 16.15 (Homebrew) on aarch64-apple-darwin25.6.0, compiled by Apple clang version 21.0.0 (clang-2100.1.1.101), 64-bit
2026-09-12 15:03:52.883 +08 [22954] LOG:  listening on IPv6 address "::1", port 5435
2026-09-12 15:03:52.883 +08 [22954] LOG:  listening on IPv4 address "127.0.0.1", port 5435
2026-09-12 15:03:52.884 +08 [22954] LOG:  listening on Unix socket "/tmp/.s.PGSQL.5435"
2026-09-12 15:03:52.939 +08 [22957] LOG:  database system was shut down at 2026-09-12 15:02:52 +08
2026-09-12 15:03:53.011 +08 [22954] LOG:  database system is ready to accept connections
2026-09-12 15:08:52.995 +08 [22955] LOG:  checkpoint starting: time
2026-09-12 15:08:53.386 +08 [22955] LOG:  checkpoint complete: wrote 3 buffers (0.0%); 0 WAL file(s) added, 0 removed, 0 recycled; write=0.002 s, sync=0.001 s, total=0.392 s; sync files=2, longest=0.001 s, average=0.001 s; distance=0 kB, estimate=0 kB; lsn=0/35620C8, redo lsn=0/3562090
2026-09-12 15:53:41.287 +08 [22955] LOG:  checkpoint starting: time
2026-09-12 15:53:42.024 +08 [22955] LOG:  checkpoint complete: wrote 7 buffers (0.0%); 0 WAL file(s) added, 0 removed, 0 recycled; write=0.651 s, sync=0.003 s, total=0.738 s; sync files=5, longest=0.002 s, average=0.001 s; distance=0 kB, estimate=0 kB; lsn=0/35623F8, redo lsn=0/35623C0
2026-09-12 15:58:41.040 +08 [22955] LOG:  checkpoint starting: time
2026-09-12 15:58:41.891 +08 [22955] LOG:  checkpoint complete: wrote 8 buffers (0.0%); 0 WAL file(s) added, 0 removed, 0 recycled; write=0.722 s, sync=0.032 s, total=0.852 s; sync files=7, longest=0.019 s, average=0.005 s; distance=0 kB, estimate=0 kB; lsn=0/3562770, redo lsn=0/3562738
2026-09-12 17:08:41.811 +08 [22955] LOG:  checkpoint starting: time
2026-09-12 17:08:48.623 +08 [22955] LOG:  checkpoint complete: wrote 58 buffers (0.4%); 0 WAL file(s) added, 0 removed, 0 recycled; write=6.292 s, sync=0.044 s, total=6.813 s; sync files=39, longest=0.022 s, average=0.002 s; distance=77 kB, estimate=77 kB; lsn=0/3575E08, redo lsn=0/3575DD0
2026-09-12 17:13:41.622 +08 [22955] LOG:  checkpoint starting: time
2026-09-12 17:13:42.349 +08 [22955] LOG:  checkpoint complete: wrote 6 buffers (0.0%); 0 WAL file(s) added, 0 removed, 0 recycled; write=0.530 s, sync=0.044 s, total=0.728 s; sync files=6, longest=0.031 s, average=0.008 s; distance=1 kB, estimate=70 kB; lsn=0/3576308, redo lsn=0/35762D0
2026-09-12 17:16:46.879 +08 [22954] LOG:  background worker "logical replication launcher" (PID 22960) exited with exit code 1
2026-09-12 17:17:48.064 +08 [22954] LOG:  received fast shutdown request
2026-09-12 17:17:48.065 +08 [22954] LOG:  aborting any active transactions
2026-09-12 17:17:48.066 +08 [22954] LOG:  background worker "logical replication launcher" (PID 38353) exited with exit code 1
2026-09-12 17:17:48.067 +08 [22955] LOG:  shutting down
2026-09-12 17:17:48.075 +08 [22955] LOG:  checkpoint starting: shutdown immediate
2026-09-12 17:17:48.154 +08 [22955] LOG:  checkpoint complete: wrote 0 buffers (0.0%); 0 WAL file(s) added, 0 removed, 0 recycled; write=0.036 s, sync=0.001 s, total=0.088 s; sync files=0, longest=0.000 s, average=0.000 s; distance=0 kB, estimate=63 kB; lsn=0/35763B8, redo lsn=0/35763B8
2026-09-12 17:17:48.299 +08 [22954] LOG:  database system is shut down
2026-09-12 19:41:04.671 +08 [51033] FATAL:  database files are incompatible with server
2026-09-12 19:41:04.671 +08 [51033] DETAIL:  The data directory was initialized by PostgreSQL version 16, which is not compatible with this version 14.19 (Homebrew).
2026-09-12 19:41:12.824 +08 [51164] FATAL:  database files are incompatible with server
2026-09-12 19:41:12.824 +08 [51164] DETAIL:  The data directory was initialized by PostgreSQL version 16, which is not compatible with this version 14.19 (Homebrew).
2026-09-12 19:41:44.197 +08 [51313] FATAL:  database files are incompatible with server
2026-09-12 19:41:44.197 +08 [51313] DETAIL:  The data directory was initialized by PostgreSQL version 16, which is not compatible with this version 14.19 (Homebrew).
2026-09-12 19:41:45.535 +08 [51432] FATAL:  database files are incompatible with server
2026-09-12 19:41:45.535 +08 [51432] DETAIL:  The data directory was initialized by PostgreSQL version 16, which is not compatible with this version 14.19 (Homebrew).
2026-09-12 19:42:36.775 +08 [51979] LOG:  starting PostgreSQL 16.15 (Homebrew) on aarch64-apple-darwin25.6.0, compiled by Apple clang version 21.0.0 (clang-2100.1.1.101), 64-bit
2026-09-12 19:42:36.776 +08 [51979] LOG:  listening on IPv6 address "::1", port 5435
2026-09-12 19:42:36.776 +08 [51979] LOG:  listening on IPv4 address "127.0.0.1", port 5435
2026-09-12 19:42:36.776 +08 [51979] LOG:  listening on Unix socket "/tmp/.s.PGSQL.5435"
2026-09-12 19:42:36.806 +08 [51982] LOG:  database system was shut down at 2026-09-12 17:17:48 +08
2026-09-12 19:42:36.826 +08 [51979] LOG:  database system is ready to accept connections
2026-09-12 19:47:36.828 +08 [51980] LOG:  checkpoint starting: time
2026-09-12 19:47:36.936 +08 [51980] LOG:  checkpoint complete: wrote 4 buffers (0.0%); 0 WAL file(s) added, 0 removed, 0 recycled; write=0.103 s, sync=0.001 s, total=0.109 s; sync files=3, longest=0.001 s, average=0.001 s; distance=0 kB, estimate=0 kB; lsn=0/35764A0, redo lsn=0/3576468
2026-09-12 19:52:36.951 +08 [51980] LOG:  checkpoint starting: time
2026-09-12 19:52:38.006 +08 [51980] LOG:  checkpoint complete: wrote 8 buffers (0.0%); 0 WAL file(s) added, 0 removed, 0 recycled; write=0.710 s, sync=0.004 s, total=1.056 s; sync files=8, longest=0.001 s, average=0.001 s; distance=1 kB, estimate=1 kB; lsn=0/3576A40, redo lsn=0/3576A08
2026-09-12 20:04:20.449 +08 [55538] ERROR:  relation "_prisma_migrations" does not exist at character 126
2026-09-12 20:04:20.449 +08 [55538] STATEMENT:  SELECT "id", "checksum", "finished_at", "migration_name", "logs", "rolled_back_at", "started_at", "applied_steps_count" FROM "_prisma_migrations" ORDER BY "started_at" ASC
2026-09-12 20:04:20.926 +08 [51980] LOG:  checkpoint starting: immediate force wait
2026-09-12 20:04:21.189 +08 [51980] LOG:  checkpoint complete: wrote 72 buffers (0.4%); 0 WAL file(s) added, 0 removed, 0 recycled; write=0.168 s, sync=0.093 s, total=0.264 s; sync files=29, longest=0.040 s, average=0.004 s; distance=4863 kB, estimate=4863 kB; lsn=0/3A36668, redo lsn=0/3A36630
2026-09-12 20:04:22.520 +08 [51980] LOG:  checkpoint starting: immediate force wait
2026-09-12 20:04:22.737 +08 [51980] LOG:  checkpoint complete: wrote 33 buffers (0.2%); 0 WAL file(s) added, 0 removed, 0 recycled; write=0.188 s, sync=0.026 s, total=0.217 s; sync files=13, longest=0.020 s, average=0.002 s; distance=4771 kB, estimate=4853 kB; lsn=0/3EDF300, redo lsn=0/3EDF2C8
2026-09-12 20:04:23.375 +08 [51980] LOG:  checkpoint starting: immediate force wait
2026-09-12 20:04:23.594 +08 [51980] LOG:  checkpoint complete: wrote 84 buffers (0.5%); 0 WAL file(s) added, 0 removed, 1 recycled; write=0.148 s, sync=0.067 s, total=0.219 s; sync files=109, longest=0.020 s, average=0.001 s; distance=5294 kB, estimate=5294 kB; lsn=0/440ADB8, redo lsn=0/440AD80
2026-09-12 20:09:23.596 +08 [51980] LOG:  checkpoint starting: time
2026-09-12 20:09:36.902 +08 [51980] LOG:  checkpoint complete: wrote 126 buffers (0.8%); 0 WAL file(s) added, 0 removed, 0 recycled; write=13.283 s, sync=0.021 s, total=13.307 s; sync files=63, longest=0.002 s, average=0.001 s; distance=323 kB, estimate=4797 kB; lsn=0/445BDA8, redo lsn=0/445BD70
2026-09-12 21:04:23.843 +08 [51980] LOG:  checkpoint starting: time
2026-09-12 21:04:24.462 +08 [51980] LOG:  checkpoint complete: wrote 6 buffers (0.0%); 0 WAL file(s) added, 0 removed, 0 recycled; write=0.538 s, sync=0.004 s, total=0.619 s; sync files=6, longest=0.002 s, average=0.001 s; distance=1 kB, estimate=4317 kB; lsn=0/445C248, redo lsn=0/445C210
2026-09-12 21:19:23.449 +08 [51980] LOG:  checkpoint starting: time
2026-09-12 21:19:23.838 +08 [51980] LOG:  checkpoint complete: wrote 4 buffers (0.0%); 0 WAL file(s) added, 0 removed, 0 recycled; write=0.320 s, sync=0.002 s, total=0.389 s; sync files=4, longest=0.001 s, average=0.001 s; distance=1 kB, estimate=3886 kB; lsn=0/445C760, redo lsn=0/445C728
2026-09-12 21:39:23.860 +08 [51980] LOG:  checkpoint starting: time
2026-09-12 21:39:24.261 +08 [51980] LOG:  checkpoint complete: wrote 4 buffers (0.0%); 0 WAL file(s) added, 0 removed, 0 recycled; write=0.321 s, sync=0.003 s, total=0.401 s; sync files=4, longest=0.002 s, average=0.001 s; distance=1 kB, estimate=3497 kB; lsn=0/445CD48, redo lsn=0/445CD10
2026-09-12 21:41:22.889 +08 [72534] ERROR:  invalid input syntax for type uuid: "bcs-ai-2024-1"
2026-09-12 21:41:22.889 +08 [72534] CONTEXT:  unnamed portal parameter $1 = '...'
2026-09-12 21:41:22.889 +08 [72534] STATEMENT:  SELECT "public"."planner_templates"."id", "public"."planner_templates"."course_id", "public"."planner_templates"."major_id", "public"."planner_templates"."intake_month", "public"."planner_templates"."intake_year", "public"."planner_templates"."duration_years", "public"."planner_templates"."created_at", "public"."planner_templates"."updated_at" FROM "public"."planner_templates" WHERE ("public"."planner_templates"."id" = $1 AND 1=1) LIMIT $2 OFFSET $3
2026-09-12 21:41:22.960 +08 [72535] ERROR:  invalid input syntax for type uuid: "bcs-ai-2024-1"
2026-09-12 21:41:22.960 +08 [72535] CONTEXT:  unnamed portal parameter $1 = '...'
2026-09-12 21:41:22.960 +08 [72535] STATEMENT:  SELECT "public"."planner_templates"."id", "public"."planner_templates"."course_id", "public"."planner_templates"."major_id", "public"."planner_templates"."intake_month", "public"."planner_templates"."intake_year", "public"."planner_templates"."duration_years", "public"."planner_templates"."created_at", "public"."planner_templates"."updated_at" FROM "public"."planner_templates" WHERE ("public"."planner_templates"."id" = $1 AND 1=1) LIMIT $2 OFFSET $3
2026-09-12 21:41:34.981 +08 [72593] ERROR:  invalid input syntax for type uuid: "bcs-ai-2024-1"
2026-09-12 21:41:34.981 +08 [72593] CONTEXT:  unnamed portal parameter $1 = '...'
2026-09-12 21:41:34.981 +08 [72593] STATEMENT:  SELECT "public"."planner_templates"."id", "public"."planner_templates"."course_id", "public"."planner_templates"."major_id", "public"."planner_templates"."intake_month", "public"."planner_templates"."intake_year", "public"."planner_templates"."duration_years", "public"."planner_templates"."created_at", "public"."planner_templates"."updated_at" FROM "public"."planner_templates" WHERE ("public"."planner_templates"."id" = $1 AND 1=1) LIMIT $2 OFFSET $3
2026-09-12 21:41:45.043 +08 [72594] ERROR:  invalid input syntax for type uuid: "bcs-ai-2024-1"
2026-09-12 21:41:45.043 +08 [72594] CONTEXT:  unnamed portal parameter $1 = '...'
2026-09-12 21:41:45.043 +08 [72594] STATEMENT:  SELECT "public"."planner_templates"."id", "public"."planner_templates"."course_id", "public"."planner_templates"."major_id", "public"."planner_templates"."intake_month", "public"."planner_templates"."intake_year", "public"."planner_templates"."duration_years", "public"."planner_templates"."created_at", "public"."planner_templates"."updated_at" FROM "public"."planner_templates" WHERE ("public"."planner_templates"."id" = $1 AND 1=1) LIMIT $2 OFFSET $3
2026-09-12 21:44:15.483 +08 [74350] ERROR:  invalid input syntax for type uuid: "bcs-ai-2024-1"
2026-09-12 21:44:15.483 +08 [74350] CONTEXT:  unnamed portal parameter $1 = '...'
2026-09-12 21:44:15.483 +08 [74350] STATEMENT:  SELECT "public"."planner_templates"."id", "public"."planner_templates"."course_id", "public"."planner_templates"."major_id", "public"."planner_templates"."intake_month", "public"."planner_templates"."intake_year", "public"."planner_templates"."duration_years", "public"."planner_templates"."created_at", "public"."planner_templates"."updated_at" FROM "public"."planner_templates" WHERE ("public"."planner_templates"."id" = $1 AND 1=1) LIMIT $2 OFFSET $3
2026-09-12 21:49:39.877 +08 [75433] ERROR:  invalid input syntax for type uuid: "bcs-ai-2024-1"
2026-09-12 21:49:39.877 +08 [75433] CONTEXT:  unnamed portal parameter $1 = '...'
2026-09-12 21:49:39.877 +08 [75433] STATEMENT:  SELECT "public"."planner_templates"."id", "public"."planner_templates"."course_id", "public"."planner_templates"."major_id", "public"."planner_templates"."intake_month", "public"."planner_templates"."intake_year", "public"."planner_templates"."duration_years", "public"."planner_templates"."created_at", "public"."planner_templates"."updated_at" FROM "public"."planner_templates" WHERE ("public"."planner_templates"."id" = $1 AND 1=1) LIMIT $2 OFFSET $3
2026-09-12 21:51:12.609 +08 [75662] ERROR:  invalid input syntax for type uuid: "bcs-ai-2024-1"
2026-09-12 21:51:12.609 +08 [75662] CONTEXT:  unnamed portal parameter $1 = '...'
2026-09-12 21:51:12.609 +08 [75662] STATEMENT:  SELECT "public"."planner_templates"."id", "public"."planner_templates"."course_id", "public"."planner_templates"."major_id", "public"."planner_templates"."intake_month", "public"."planner_templates"."intake_year", "public"."planner_templates"."duration_years", "public"."planner_templates"."created_at", "public"."planner_templates"."updated_at" FROM "public"."planner_templates" WHERE ("public"."planner_templates"."id" = $1 AND 1=1) LIMIT $2 OFFSET $3
2026-09-12 21:51:13.850 +08 [75666] ERROR:  invalid input syntax for type uuid: "bcs-ai-2024-1"
2026-09-12 21:51:13.850 +08 [75666] CONTEXT:  unnamed portal parameter $1 = '...'
2026-09-12 21:51:13.850 +08 [75666] STATEMENT:  SELECT "public"."planner_templates"."id", "public"."planner_templates"."course_id", "public"."planner_templates"."major_id", "public"."planner_templates"."intake_month", "public"."planner_templates"."intake_year", "public"."planner_templates"."duration_years", "public"."planner_templates"."created_at", "public"."planner_templates"."updated_at" FROM "public"."planner_templates" WHERE ("public"."planner_templates"."id" = $1 AND 1=1) LIMIT $2 OFFSET $3
2026-09-12 21:51:18.951 +08 [75674] ERROR:  invalid input syntax for type uuid: "bcs-ai-2024-1"
2026-09-12 21:51:18.951 +08 [75674] CONTEXT:  unnamed portal parameter $1 = '...'
2026-09-12 21:51:18.951 +08 [75674] STATEMENT:  SELECT "public"."planner_templates"."id", "public"."planner_templates"."course_id", "public"."planner_templates"."major_id", "public"."planner_templates"."intake_month", "public"."planner_templates"."intake_year", "public"."planner_templates"."duration_years", "public"."planner_templates"."created_at", "public"."planner_templates"."updated_at" FROM "public"."planner_templates" WHERE ("public"."planner_templates"."id" = $1 AND 1=1) LIMIT $2 OFFSET $3
2026-09-12 21:51:19.544 +08 [75673] ERROR:  invalid input syntax for type uuid: "bcs-ai-2024-1"
2026-09-12 21:51:19.544 +08 [75673] CONTEXT:  unnamed portal parameter $1 = '...'
2026-09-12 21:51:19.544 +08 [75673] STATEMENT:  SELECT "public"."planner_templates"."id", "public"."planner_templates"."course_id", "public"."planner_templates"."major_id", "public"."planner_templates"."intake_month", "public"."planner_templates"."intake_year", "public"."planner_templates"."duration_years", "public"."planner_templates"."created_at", "public"."planner_templates"."updated_at" FROM "public"."planner_templates" WHERE ("public"."planner_templates"."id" = $1 AND 1=1) LIMIT $2 OFFSET $3
2026-09-12 21:51:19.853 +08 [75672] ERROR:  invalid input syntax for type uuid: "bcs-ai-2024-1"
2026-09-12 21:51:19.853 +08 [75672] CONTEXT:  unnamed portal parameter $1 = '...'
2026-09-12 21:51:19.853 +08 [75672] STATEMENT:  SELECT "public"."planner_templates"."id", "public"."planner_templates"."course_id", "public"."planner_templates"."major_id", "public"."planner_templates"."intake_month", "public"."planner_templates"."intake_year", "public"."planner_templates"."duration_years", "public"."planner_templates"."created_at", "public"."planner_templates"."updated_at" FROM "public"."planner_templates" WHERE ("public"."planner_templates"."id" = $1 AND 1=1) LIMIT $2 OFFSET $3
2026-09-12 21:51:20.237 +08 [75683] ERROR:  invalid input syntax for type uuid: "bcs-ai-2024-1"
2026-09-12 21:51:20.237 +08 [75683] CONTEXT:  unnamed portal parameter $1 = '...'
2026-09-12 21:51:20.237 +08 [75683] STATEMENT:  SELECT "public"."planner_templates"."id", "public"."planner_templates"."course_id", "public"."planner_templates"."major_id", "public"."planner_templates"."intake_month", "public"."planner_templates"."intake_year", "public"."planner_templates"."duration_years", "public"."planner_templates"."created_at", "public"."planner_templates"."updated_at" FROM "public"."planner_templates" WHERE ("public"."planner_templates"."id" = $1 AND 1=1) LIMIT $2 OFFSET $3
2026-09-12 21:51:20.571 +08 [75684] ERROR:  invalid input syntax for type uuid: "bcs-ai-2024-1"
2026-09-12 21:51:20.571 +08 [75684] CONTEXT:  unnamed portal parameter $1 = '...'
2026-09-12 21:51:20.571 +08 [75684] STATEMENT:  SELECT "public"."planner_templates"."id", "public"."planner_templates"."course_id", "public"."planner_templates"."major_id", "public"."planner_templates"."intake_month", "public"."planner_templates"."intake_year", "public"."planner_templates"."duration_years", "public"."planner_templates"."created_at", "public"."planner_templates"."updated_at" FROM "public"."planner_templates" WHERE ("public"."planner_templates"."id" = $1 AND 1=1) LIMIT $2 OFFSET $3
2026-09-12 21:51:20.975 +08 [75686] ERROR:  invalid input syntax for type uuid: "bcs-ai-2024-1"
2026-09-12 21:51:20.975 +08 [75686] CONTEXT:  unnamed portal parameter $1 = '...'
2026-09-12 21:51:20.975 +08 [75686] STATEMENT:  SELECT "public"."planner_templates"."id", "public"."planner_templates"."course_id", "public"."planner_templates"."major_id", "public"."planner_templates"."intake_month", "public"."planner_templates"."intake_year", "public"."planner_templates"."duration_years", "public"."planner_templates"."created_at", "public"."planner_templates"."updated_at" FROM "public"."planner_templates" WHERE ("public"."planner_templates"."id" = $1 AND 1=1) LIMIT $2 OFFSET $3
2026-09-12 21:51:21.351 +08 [75688] ERROR:  invalid input syntax for type uuid: "bcs-ai-2024-1"
2026-09-12 21:51:21.351 +08 [75688] CONTEXT:  unnamed portal parameter $1 = '...'
2026-09-12 21:51:21.351 +08 [75688] STATEMENT:  SELECT "public"."planner_templates"."id", "public"."planner_templates"."course_id", "public"."planner_templates"."major_id", "public"."planner_templates"."intake_month", "public"."planner_templates"."intake_year", "public"."planner_templates"."duration_years", "public"."planner_templates"."created_at", "public"."planner_templates"."updated_at" FROM "public"."planner_templates" WHERE ("public"."planner_templates"."id" = $1 AND 1=1) LIMIT $2 OFFSET $3
2026-09-12 21:51:21.712 +08 [75689] ERROR:  invalid input syntax for type uuid: "bcs-ai-2024-1"
2026-09-12 21:51:21.712 +08 [75689] CONTEXT:  unnamed portal parameter $1 = '...'
2026-09-12 21:51:21.712 +08 [75689] STATEMENT:  SELECT "public"."planner_templates"."id", "public"."planner_templates"."course_id", "public"."planner_templates"."major_id", "public"."planner_templates"."intake_month", "public"."planner_templates"."intake_year", "public"."planner_templates"."duration_years", "public"."planner_templates"."created_at", "public"."planner_templates"."updated_at" FROM "public"."planner_templates" WHERE ("public"."planner_templates"."id" = $1 AND 1=1) LIMIT $2 OFFSET $3
2026-09-12 21:51:22.092 +08 [75692] ERROR:  invalid input syntax for type uuid: "bcs-ai-2024-1"
2026-09-12 21:51:22.092 +08 [75692] CONTEXT:  unnamed portal parameter $1 = '...'
2026-09-12 21:51:22.092 +08 [75692] STATEMENT:  SELECT "public"."planner_templates"."id", "public"."planner_templates"."course_id", "public"."planner_templates"."major_id", "public"."planner_templates"."intake_month", "public"."planner_templates"."intake_year", "public"."planner_templates"."duration_years", "public"."planner_templates"."created_at", "public"."planner_templates"."updated_at" FROM "public"."planner_templates" WHERE ("public"."planner_templates"."id" = $1 AND 1=1) LIMIT $2 OFFSET $3
2026-09-12 21:51:22.389 +08 [75693] ERROR:  invalid input syntax for type uuid: "bcs-ai-2024-1"
2026-09-12 21:51:22.389 +08 [75693] CONTEXT:  unnamed portal parameter $1 = '...'
2026-09-12 21:51:22.389 +08 [75693] STATEMENT:  SELECT "public"."planner_templates"."id", "public"."planner_templates"."course_id", "public"."planner_templates"."major_id", "public"."planner_templates"."intake_month", "public"."planner_templates"."intake_year", "public"."planner_templates"."duration_years", "public"."planner_templates"."created_at", "public"."planner_templates"."updated_at" FROM "public"."planner_templates" WHERE ("public"."planner_templates"."id" = $1 AND 1=1) LIMIT $2 OFFSET $3
2026-09-12 21:51:22.688 +08 [75695] ERROR:  invalid input syntax for type uuid: "bcs-ai-2024-1"
2026-09-12 21:51:22.688 +08 [75695] CONTEXT:  unnamed portal parameter $1 = '...'
2026-09-12 21:51:22.688 +08 [75695] STATEMENT:  SELECT "public"."planner_templates"."id", "public"."planner_templates"."course_id", "public"."planner_templates"."major_id", "public"."planner_templates"."intake_month", "public"."planner_templates"."intake_year", "public"."planner_templates"."duration_years", "public"."planner_templates"."created_at", "public"."planner_templates"."updated_at" FROM "public"."planner_templates" WHERE ("public"."planner_templates"."id" = $1 AND 1=1) LIMIT $2 OFFSET $3
2026-09-12 21:51:22.979 +08 [75696] ERROR:  invalid input syntax for type uuid: "bcs-ai-2024-1"
2026-09-12 21:51:22.979 +08 [75696] CONTEXT:  unnamed portal parameter $1 = '...'
2026-09-12 21:51:22.979 +08 [75696] STATEMENT:  SELECT "public"."planner_templates"."id", "public"."planner_templates"."course_id", "public"."planner_templates"."major_id", "public"."planner_templates"."intake_month", "public"."planner_templates"."intake_year", "public"."planner_templates"."duration_years", "public"."planner_templates"."created_at", "public"."planner_templates"."updated_at" FROM "public"."planner_templates" WHERE ("public"."planner_templates"."id" = $1 AND 1=1) LIMIT $2 OFFSET $3
2026-09-12 21:51:23.293 +08 [75698] ERROR:  invalid input syntax for type uuid: "bcs-ai-2024-1"
2026-09-12 21:51:23.293 +08 [75698] CONTEXT:  unnamed portal parameter $1 = '...'
2026-09-12 21:51:23.293 +08 [75698] STATEMENT:  SELECT "public"."planner_templates"."id", "public"."planner_templates"."course_id", "public"."planner_templates"."major_id", "public"."planner_templates"."intake_month", "public"."planner_templates"."intake_year", "public"."planner_templates"."duration_years", "public"."planner_templates"."created_at", "public"."planner_templates"."updated_at" FROM "public"."planner_templates" WHERE ("public"."planner_templates"."id" = $1 AND 1=1) LIMIT $2 OFFSET $3
2026-09-12 21:51:23.541 +08 [75699] ERROR:  invalid input syntax for type uuid: "bcs-ai-2024-1"
2026-09-12 21:51:23.541 +08 [75699] CONTEXT:  unnamed portal parameter $1 = '...'
2026-09-12 21:51:23.541 +08 [75699] STATEMENT:  SELECT "public"."planner_templates"."id", "public"."planner_templates"."course_id", "public"."planner_templates"."major_id", "public"."planner_templates"."intake_month", "public"."planner_templates"."intake_year", "public"."planner_templates"."duration_years", "public"."planner_templates"."created_at", "public"."planner_templates"."updated_at" FROM "public"."planner_templates" WHERE ("public"."planner_templates"."id" = $1 AND 1=1) LIMIT $2 OFFSET $3
2026-09-12 21:51:23.781 +08 [75703] ERROR:  invalid input syntax for type uuid: "bcs-ai-2024-1"
2026-09-12 21:51:23.781 +08 [75703] CONTEXT:  unnamed portal parameter $1 = '...'
2026-09-12 21:51:23.781 +08 [75703] STATEMENT:  SELECT "public"."planner_templates"."id", "public"."planner_templates"."course_id", "public"."planner_templates"."major_id", "public"."planner_templates"."intake_month", "public"."planner_templates"."intake_year", "public"."planner_templates"."duration_years", "public"."planner_templates"."created_at", "public"."planner_templates"."updated_at" FROM "public"."planner_templates" WHERE ("public"."planner_templates"."id" = $1 AND 1=1) LIMIT $2 OFFSET $3
2026-09-12 21:51:24.026 +08 [75704] ERROR:  invalid input syntax for type uuid: "bcs-ai-2024-1"
2026-09-12 21:51:24.026 +08 [75704] CONTEXT:  unnamed portal parameter $1 = '...'
2026-09-12 21:51:24.026 +08 [75704] STATEMENT:  SELECT "public"."planner_templates"."id", "public"."planner_templates"."course_id", "public"."planner_templates"."major_id", "public"."planner_templates"."intake_month", "public"."planner_templates"."intake_year", "public"."planner_templates"."duration_years", "public"."planner_templates"."created_at", "public"."planner_templates"."updated_at" FROM "public"."planner_templates" WHERE ("public"."planner_templates"."id" = $1 AND 1=1) LIMIT $2 OFFSET $3
2026-09-12 21:51:24.264 +08 [75706] ERROR:  invalid input syntax for type uuid: "bcs-ai-2024-1"
2026-09-12 21:51:24.264 +08 [75706] CONTEXT:  unnamed portal parameter $1 = '...'
2026-09-12 21:51:24.264 +08 [75706] STATEMENT:  SELECT "public"."planner_templates"."id", "public"."planner_templates"."course_id", "public"."planner_templates"."major_id", "public"."planner_templates"."intake_month", "public"."planner_templates"."intake_year", "public"."planner_templates"."duration_years", "public"."planner_templates"."created_at", "public"."planner_templates"."updated_at" FROM "public"."planner_templates" WHERE ("public"."planner_templates"."id" = $1 AND 1=1) LIMIT $2 OFFSET $3
2026-09-12 21:54:23.309 +08 [51980] LOG:  checkpoint starting: time
2026-09-12 21:54:23.724 +08 [51980] LOG:  checkpoint complete: wrote 4 buffers (0.0%); 0 WAL file(s) added, 0 removed, 0 recycled; write=0.323 s, sync=0.003 s, total=0.415 s; sync files=4, longest=0.002 s, average=0.001 s; distance=1 kB, estimate=3148 kB; lsn=0/445D3E8, redo lsn=0/445D3B0
2026-09-12 21:59:23.725 +08 [51980] LOG:  checkpoint starting: time
2026-09-12 21:59:24.933 +08 [51980] LOG:  checkpoint complete: wrote 11 buffers (0.1%); 0 WAL file(s) added, 0 removed, 0 recycled; write=1.063 s, sync=0.017 s, total=1.209 s; sync files=11, longest=0.011 s, average=0.002 s; distance=27 kB, estimate=2836 kB; lsn=0/4464020, redo lsn=0/4463FD0
2026-09-12 22:04:23.934 +08 [51980] LOG:  checkpoint starting: time
2026-09-12 22:04:27.015 +08 [51980] LOG:  checkpoint complete: wrote 29 buffers (0.2%); 0 WAL file(s) added, 0 removed, 0 recycled; write=2.989 s, sync=0.007 s, total=3.082 s; sync files=20, longest=0.002 s, average=0.001 s; distance=84 kB, estimate=2560 kB; lsn=0/4479390, redo lsn=0/4479358
2026-09-12 22:12:56.104 +08 [51979] LOG:  received fast shutdown request
2026-09-12 22:12:56.122 +08 [51979] LOG:  aborting any active transactions
2026-09-12 22:12:56.123 +08 [51979] LOG:  background worker "logical replication launcher" (PID 51985) exited with exit code 1
2026-09-12 22:12:56.123 +08 [51980] LOG:  shutting down
2026-09-12 22:12:56.123 +08 [51980] LOG:  checkpoint starting: shutdown immediate
2026-09-12 22:12:56.315 +08 [51980] LOG:  checkpoint complete: wrote 18 buffers (0.1%); 0 WAL file(s) added, 0 removed, 0 recycled; write=0.054 s, sync=0.089 s, total=0.193 s; sync files=18, longest=0.041 s, average=0.005 s; distance=31 kB, estimate=2308 kB; lsn=0/44812A8, redo lsn=0/44812A8
2026-09-12 22:12:56.331 +08 [51979] LOG:  database system is shut down
2026-09-12 22:14:22.163 +08 [78648] LOG:  starting PostgreSQL 16.15 (Homebrew) on aarch64-apple-darwin25.6.0, compiled by Apple clang version 21.0.0 (clang-2100.1.1.101), 64-bit
2026-09-12 22:14:22.165 +08 [78648] LOG:  listening on IPv6 address "::1", port 5435
2026-09-12 22:14:22.165 +08 [78648] LOG:  listening on IPv4 address "127.0.0.1", port 5435
2026-09-12 22:14:22.166 +08 [78648] LOG:  listening on Unix socket "/tmp/.s.PGSQL.5435"
2026-09-12 22:14:22.222 +08 [78651] LOG:  database system was shut down at 2026-09-12 22:12:56 +08
2026-09-12 22:14:22.234 +08 [78648] LOG:  database system is ready to accept connections
2026-09-12 22:18:25.685 +08 [78648] LOG:  received fast shutdown request
2026-09-12 22:18:25.685 +08 [78648] LOG:  aborting any active transactions
2026-09-12 22:18:25.686 +08 [78648] LOG:  background worker "logical replication launcher" (PID 78654) exited with exit code 1
2026-09-12 22:18:25.686 +08 [78649] LOG:  shutting down
2026-09-12 22:18:25.687 +08 [78649] LOG:  checkpoint starting: shutdown immediate
2026-09-12 22:18:25.688 +08 [78649] LOG:  checkpoint complete: wrote 3 buffers (0.0%); 0 WAL file(s) added, 0 removed, 0 recycled; write=0.001 s, sync=0.001 s, total=0.002 s; sync files=2, longest=0.001 s, average=0.001 s; distance=0 kB, estimate=0 kB; lsn=0/4481358, redo lsn=0/4481358
2026-09-12 22:18:25.690 +08 [78648] LOG:  database system is shut down
2026-09-13 11:55:49.577 +08 [94775] LOG:  starting PostgreSQL 16.15 (Homebrew) on aarch64-apple-darwin25.6.0, compiled by Apple clang version 21.0.0 (clang-2100.1.1.101), 64-bit
2026-09-13 11:55:49.583 +08 [94775] LOG:  listening on IPv6 address "::1", port 5435
2026-09-13 11:55:49.583 +08 [94775] LOG:  listening on IPv4 address "127.0.0.1", port 5435
2026-09-13 11:55:49.584 +08 [94775] LOG:  listening on Unix socket "/tmp/.s.PGSQL.5435"
2026-09-13 11:55:49.587 +08 [94778] LOG:  database system was shut down at 2026-09-12 22:18:25 +08
2026-09-13 11:55:49.696 +08 [94775] LOG:  database system is ready to accept connections
2026-09-13 11:55:56.820 +08 [94775] LOG:  received fast shutdown request
2026-09-13 11:55:56.821 +08 [94775] LOG:  aborting any active transactions
2026-09-13 11:55:56.822 +08 [94775] LOG:  background worker "logical replication launcher" (PID 94781) exited with exit code 1
2026-09-13 11:55:56.822 +08 [94776] LOG:  shutting down
2026-09-13 11:55:56.823 +08 [94776] LOG:  checkpoint starting: shutdown immediate
2026-09-13 11:55:56.869 +08 [94776] LOG:  checkpoint complete: wrote 3 buffers (0.0%); 0 WAL file(s) added, 0 removed, 0 recycled; write=0.001 s, sync=0.001 s, total=0.047 s; sync files=2, longest=0.001 s, average=0.001 s; distance=0 kB, estimate=0 kB; lsn=0/44813D0, redo lsn=0/44813D0
2026-09-13 11:55:56.871 +08 [94775] LOG:  database system is shut down
